// Jest Snapshot v1, https://goo.gl/fbAQLP

exports[`<Footer /> renders the <Footer /> with populated data 1`] = `
<div
  class="sc-jrQzAO ijPOke"
>
  <p
    class="sc-egiyK jXMgeT"
  >
    Questions? Contact us.
  </p>
  <p
    class="sc-ksdxgE lkPwFo"
  />
  <div
    class="sc-iqseJM fQNbIz"
  >
    <div
      class="sc-kDTinF liJELG"
    >
      <a
        class="sc-crHmcD ZEssF"
        href="#"
      >
        FAQ
      </a>
      <a
        class="sc-crHmcD ZEssF"
        href="#"
      >
        Investor Relations
      </a>
      <a
        class="sc-crHmcD ZEssF"
        href="#"
      >
        Ways to Watch
      </a>
      <a
        class="sc-crHmcD ZEssF"
        href="#"
      >
        Corporate Information
      </a>
      <a
        class="sc-crHmcD ZEssF"
        href="#"
      >
        Netflix Originals
      </a>
    </div>
    <div
      class="sc-kDTinF liJELG"
    >
      <a
        class="sc-crHmcD ZEssF"
        href="#"
      >
        Help Centre
      </a>
      <a
        class="sc-crHmcD ZEssF"
        href="#"
      >
        Jobs
      </a>
      <a
        class="sc-crHmcD ZEssF"
        href="#"
      >
        Terms of Use
      </a>
      <a
        class="sc-crHmcD ZEssF"
        href="#"
      >
        Contact Us
      </a>
    </div>
    <div
      class="sc-kDTinF liJELG"
    >
      <a
        class="sc-crHmcD ZEssF"
        href="#"
      >
        Account
      </a>
      <a
        class="sc-crHmcD ZEssF"
        href="#"
      >
        Redeem gift cards
      </a>
      <a
        class="sc-crHmcD ZEssF"
        href="#"
      >
        Privacy
      </a>
      <a
        class="sc-crHmcD ZEssF"
        href="#"
      >
        Speed Test
      </a>
    </div>
    <div
      class="sc-kDTinF liJELG"
    >
      <a
        class="sc-crHmcD ZEssF"
        href="#"
      >
        Media Centre
      </a>
      <a
        class="sc-crHmcD ZEssF"
        href="#"
      >
        Buy gift cards
      </a>
      <a
        class="sc-crHmcD ZEssF"
        href="#"
      >
        Cookie Preferences
      </a>
      <a
        class="sc-crHmcD ZEssF"
        href="#"
      >
        Legal Notices
      </a>
    </div>
  </div>
  <p
    class="sc-ksdxgE lkPwFo"
  />
  <p
    class="sc-bqiRlB chpcRl"
  >
    Netflix United Kingdom
  </p>
</div>
`;
