// Jest Snapshot v1, https://goo.gl/fbAQLP

exports[`<OptForm /> renders the <OptForm /> with populated data 1`] = `
<div
  class="sc-hGPBjI beqbFq"
>
  <input
    class="sc-dlVxhl jSyTiP"
    placeholder="Email address"
  />
  <button
    class="sc-kfPuZi kdIQfc"
  >
    Try it now
     
    <img
      alt="Try Now"
      src="/images/icons/chevron-right.png"
    />
  </button>
  <div
    class="sc-bBHxTw jtWitZ"
  />
  <p
    class="sc-fKVqWL hlcARN"
  >
    Ready to watch? Enter your email to create or restart your membership.
  </p>
</div>
`;
