// Jest Snapshot v1, https://goo.gl/fbAQLP

exports[`<Player /> renders the <Player /> with a bunny video 1`] = `
<div
  class="sc-eLwHnm"
>
  <button
    class="sc-dtMgUX fpqjEV"
  >
    Play
  </button>
</div>
`;
